0 verbose cli C:\Program Files\nodejs\node.exe C:\Program Files\nodejs\node_modules\npm\bin\npm-cli.js
1 info using npm@11.17.0
2 info using node@v24.19.0
3 silly config load:file:C:\Program Files\nodejs\node_modules\npm\npmrc
4 silly config load:file:C:\Users\DONEX\Documents\GitHub\AOSLMS\.npmrc
5 silly config load:file:C:\Users\DONEX\.npmrc
6 silly config load:file:C:\Users\DONEX\AppData\Roaming\npm\etc\npmrc
7 verbose title npm ci
8 verbose argv "ci" "--cache" ".npm-cache"
9 verbose logfile logs-max:10 dir:C:\Users\DONEX\Documents\GitHub\AOSLMS\.npm-cache\_logs\2026-10-08T08_23_37_398Z-
10 verbose logfile C:\Users\DONEX\Documents\GitHub\AOSLMS\.npm-cache\_logs\2026-10-08T08_23_37_398Z-debug-0.log
11 silly logfile done cleaning log files
12 silly packumentCache heap:4496293888 maxSize:1124073472 maxEntrySize:562036736
13 silly packumentCache heap:4496293888 maxSize:1124073472 maxEntrySize:562036736
14 silly idealTree buildDeps
15 silly reify moves {}
16 silly audit bulk request {
16 silly audit   '@babel/code-frame': [ '7.29.7' ],
16 silly audit   '@babel/compat-data': [ '7.29.7' ],
16 silly audit   '@babel/core': [ '7.29.7' ],
16 silly audit   '@babel/generator': [ '7.29.8' ],
16 silly audit   '@babel/helper-compilation-targets': [ '7.29.7' ],
16 silly audit   '@babel/helper-globals': [ '7.29.7' ],
16 silly audit   '@babel/helper-module-imports': [ '7.29.7' ],
16 silly audit   '@babel/helper-module-transforms': [ '7.29.7' ],
16 silly audit   '@babel/helper-plugin-utils': [ '7.29.7' ],
16 silly audit   '@babel/helper-string-parser': [ '7.29.7' ],
16 silly audit   '@babel/helper-validator-identifier': [ '7.29.7' ],
16 silly audit   '@babel/helper-validator-option': [ '7.29.7' ],
16 silly audit   '@babel/helpers': [ '7.29.10' ],
16 silly audit   '@babel/parser': [ '7.29.9' ],
16 silly audit   '@babel/plugin-transform-react-jsx-self': [ '7.29.7' ],
16 silly audit   '@babel/plugin-transform-react-jsx-source': [ '7.29.7' ],
16 silly audit   '@babel/template': [ '7.29.7' ],
16 silly audit   '@babel/traverse': [ '7.29.10' ],
16 silly audit   '@babel/types': [ '7.29.8' ],
16 silly audit   '@esbuild/aix-ppc64': [ '0.25.12' ],
16 silly audit   '@esbuild/android-arm': [ '0.25.12' ],
16 silly audit   '@esbuild/android-arm64': [ '0.25.12' ],
16 silly audit   '@esbuild/android-x64': [ '0.25.12' ],
16 silly audit   '@esbuild/darwin-arm64': [ '0.25.12' ],
16 silly audit   '@esbuild/darwin-x64': [ '0.25.12' ],
16 silly audit   '@esbuild/freebsd-arm64': [ '0.25.12' ],
16 silly audit   '@esbuild/freebsd-x64': [ '0.25.12' ],
16 silly audit   '@esbuild/linux-arm': [ '0.25.12' ],
16 silly audit   '@esbuild/linux-arm64': [ '0.25.12' ],
16 silly audit   '@esbuild/linux-ia32': [ '0.25.12' ],
16 silly audit   '@esbuild/linux-loong64': [ '0.25.12' ],
16 silly audit   '@esbuild/linux-mips64el': [ '0.25.12' ],
16 silly audit   '@esbuild/linux-ppc64': [ '0.25.12' ],
16 silly audit   '@esbuild/linux-riscv64': [ '0.25.12' ],
16 silly audit   '@esbuild/linux-s390x': [ '0.25.12' ],
16 silly audit   '@esbuild/linux-x64': [ '0.25.12' ],
16 silly audit   '@esbuild/netbsd-arm64': [ '0.25.12' ],
16 silly audit   '@esbuild/netbsd-x64': [ '0.25.12' ],
16 silly audit   '@esbuild/openbsd-arm64': [ '0.25.12' ],
16 silly audit   '@esbuild/openbsd-x64': [ '0.25.12' ],
16 silly audit   '@esbuild/openharmony-arm64': [ '0.25.12' ],
16 silly audit   '@esbuild/sunos-x64': [ '0.25.12' ],
16 silly audit   '@esbuild/win32-arm64': [ '0.25.12' ],
16 silly audit   '@esbuild/win32-ia32': [ '0.25.12' ],
16 silly audit   '@esbuild/win32-x64': [ '0.25.12' ],
16 silly audit   '@fontsource/dm-sans': [ '5.3.0' ],
16 silly audit   '@fontsource/manrope': [ '5.3.0' ],
16 silly audit   '@jridgewell/gen-mapping': [ '0.3.13' ],
16 silly audit   '@jridgewell/remapping': [ '2.3.5' ],
16 silly audit   '@jridgewell/resolve-uri': [ '3.1.2' ],
16 silly audit   '@jridgewell/sourcemap-codec': [ '1.6.0' ],
16 silly audit   '@jridgewell/trace-mapping': [ '0.3.31' ],
16 silly audit   '@napi-rs/lzma-linux-x64-gnu': [ '1.5.1' ],
16 silly audit   '@playwright/test': [ '1.63.0' ],
16 silly audit   '@rolldown/pluginutils': [ '1.0.0-beta.27' ],
16 silly audit   '@rollup/rollup-android-arm-eabi': [ '4.64.1' ],
16 silly audit   '@rollup/rollup-android-arm64': [ '4.64.1' ],
16 silly audit   '@rollup/rollup-darwin-arm64': [ '4.64.1' ],
16 silly audit   '@rollup/rollup-darwin-x64': [ '4.64.1' ],
16 silly audit   '@rollup/rollup-freebsd-arm64': [ '4.64.1' ],
16 silly audit   '@rollup/rollup-freebsd-x64': [ '4.64.1' ],
16 silly audit   '@rollup/rollup-linux-arm-gnueabihf': [ '4.64.1' ],
16 silly audit   '@rollup/rollup-linux-arm-musleabihf': [ '4.64.1' ],
16 silly audit   '@rollup/rollup-linux-arm64-gnu': [ '4.64.1' ],
16 silly audit   '@rollup/rollup-linux-arm64-musl': [ '4.64.1' ],
16 silly audit   '@rollup/rollup-linux-loong64-gnu': [ '4.64.1' ],
16 silly audit   '@rollup/rollup-linux-loong64-musl': [ '4.64.1' ],
16 silly audit   '@rollup/rollup-linux-ppc64-gnu': [ '4.64.1' ],
16 silly audit   '@rollup/rollup-linux-ppc64-musl': [ '4.64.1' ],
16 silly audit   '@rollup/rollup-linux-riscv64-gnu': [ '4.64.1' ],
16 silly audit   '@rollup/rollup-linux-riscv64-musl': [ '4.64.1' ],
16 silly audit   '@rollup/rollup-linux-s390x-gnu': [ '4.64.1' ],
16 silly audit   '@rollup/rollup-linux-x64-gnu': [ '4.64.1' ],
16 silly audit   '@rollup/rollup-linux-x64-musl': [ '4.64.1' ],
16 silly audit   '@rollup/rollup-openbsd-x64': [ '4.64.1' ],
16 silly audit   '@rollup/rollup-openharmony-arm64': [ '4.64.1' ],
16 silly audit   '@rollup/rollup-win32-arm64-msvc': [ '4.64.1' ],
16 silly audit   '@rollup/rollup-win32-ia32-msvc': [ '4.64.1' ],
16 silly audit   '@rollup/rollup-win32-x64-gnu': [ '4.64.1' ],
16 silly audit   '@rollup/rollup-win32-x64-msvc': [ '4.64.1' ],
16 silly audit   '@types/babel__core': [ '7.20.5' ],
16 silly audit   '@types/babel__generator': [ '7.27.0' ],
16 silly audit   '@types/babel__template': [ '7.4.4' ],
16 silly audit   '@types/babel__traverse': [ '7.28.0' ],
16 silly audit   '@types/chai': [ '5.2.3' ],
16 silly audit   '@types/deep-eql': [ '4.0.2' ],
16 silly audit   '@types/estree': [ '1.0.9' ],
16 silly audit   '@types/node': [ '26.6.4' ],
16 silly audit   '@types/papaparse': [ '5.5.2' ],
16 silly audit   '@types/react': [ '19.3.0' ],
16 silly audit   '@types/react-dom': [ '19.3.0' ],
16 silly audit   '@vitejs/plugin-react': [ '4.7.0' ],
16 silly audit   '@vitest/mocker': [ '5.0.3' ],
16 silly audit   '@vitest/spy': [ '5.0.3' ],
16 silly audit   'assertion-error': [ '2.0.1' ],
16 silly audit   'baseline-browser-mapping': [ '2.11.27' ],
16 silly audit   browserslist: [ '4.29.3' ],
16 silly audit   'caniuse-lite': [ '1.0.30001815' ],
16 silly audit   chai: [ '6.3.0' ],
16 silly audit   'convert-source-map': [ '2.0.0' ],
16 silly audit   cookie: [ '1.1.1' ],
16 silly audit   csstype: [ '3.2.3' ],
16 silly audit   debug: [ '4.4.3' ],
16 silly audit   'electron-to-chromium': [ '1.5.449' ],
16 silly audit   'es-module-lexer': [ '2.3.2' ],
16 silly audit   esbuild: [ '0.25.12' ],
16 silly audit   escalade: [ '3.2.0' ],
16 silly audit   'estree-walker': [ '3.0.3' ],
16 silly audit   'expect-type': [ '1.4.0' ],
16 silly audit   fdir: [ '6.5.0' ],
16 silly audit   fflate: [ '0.8.3' ],
16 silly audit   fsevents: [ '2.3.3' ],
16 silly audit   gensync: [ '1.0.0-beta.2' ],
16 silly audit   'graceful-fs': [ '4.2.11' ],
16 silly audit   'js-tokens': [ '4.0.0' ],
16 silly audit   jsesc: [ '3.1.0' ],
16 silly audit   json5: [ '2.2.3' ],
16 silly audit   'lru-cache': [ '5.1.1' ],
16 silly audit   'lucide-react': [ '0.468.0' ],
16 silly audit   'magic-string': [ '1.4.3' ],
16 silly audit   ms: [ '2.1.3' ],
16 silly audit   nanoid: [ '3.3.20' ],
16 silly audit   'node-int64': [ '0.4.0' ],
16 silly audit   'node-releases': [ '2.0.57' ],
16 silly audit   obug: [ '2.2.1' ],
16 silly audit   papaparse: [ '5.7.0' ],
16 silly audit   picocolors: [ '1.1.1' ],
16 silly audit   picomatch: [ '4.0.7' ],
16 silly audit   playwright: [ '1.63.0' ],
16 silly audit   'playwright-core': [ '1.63.0' ],
16 silly audit   postcss: [ '8.5.29' ],
16 silly audit   prettier: [ '3.9.9' ],
16 silly audit   react: [ '19.3.0' ],
16 silly audit   'react-dom': [ '19.3.0' ],
16 silly audit   'react-refresh': [ '0.17.0' ],
16 silly audit   'react-router': [ '7.18.4' ],
16 silly audit   'react-router-dom': [ '7.18.4' ],
16 silly audit   'read-excel-file': [ '9.3.10' ],
16 silly audit   rollup: [ '4.64.1' ],
16 silly audit   saxen: [ '11.2.0' ],
16 silly audit   scheduler: [ '0.28.0' ],
16 silly audit   semver: [ '6.3.1' ],
16 silly audit   'set-cookie-parser': [ '2.7.2' ],
16 silly audit   'source-map-js': [ '1.2.2' ],
16 silly audit   'std-env': [ '4.3.0' ],
16 silly audit   tinybench: [ '6.2.1' ],
16 silly audit   tinyexec: [ '1.3.1' ],
16 silly audit   tinyglobby: [ '0.2.17' ],
16 silly audit   typescript: [ '5.9.3' ],
16 silly audit   'undici-types': [ '8.9.0' ],
16 silly audit   'unzipper-esm': [ '0.13.3' ],
16 silly audit   'update-browserslist-db': [ '1.3.3' ],
16 silly audit   vite: [ '6.4.4' ],
16 silly audit   vitest: [ '5.0.3' ],
16 silly audit   'why-is-node-running': [ '3.2.1' ],
16 silly audit   'worker-f': [ '0.1.20' ],
16 silly audit   yallist: [ '3.1.1' ],
16 silly audit   zod: [ '4.6.5' ]
16 silly audit }
17 http cache zod@https://registry.npmjs.org/zod/-/zod-4.6.5.tgz 0ms (cache hit)
18 http cache yallist@https://registry.npmjs.org/yallist/-/yallist-3.1.1.tgz 0ms (cache hit)
19 http cache worker-f@https://registry.npmjs.org/worker-f/-/worker-f-0.1.20.tgz 0ms (cache hit)
20 http cache why-is-node-running@https://registry.npmjs.org/why-is-node-running/-/why-is-node-running-3.2.1.tgz 0ms (cache hit)
21 http cache vitest@https://registry.npmjs.org/vitest/-/vitest-5.0.3.tgz 0ms (cache hit)
22 http cache vite@https://registry.npmjs.org/vite/-/vite-6.4.4.tgz 0ms (cache hit)
23 http cache unzipper-esm@https://registry.npmjs.org/unzipper-esm/-/unzipper-esm-0.13.3.tgz 0ms (cache hit)
24 http cache update-browserslist-db@https://registry.npmjs.org/update-browserslist-db/-/update-browserslist-db-1.3.3.tgz 0ms (cache hit)
25 http cache undici-types@https://registry.npmjs.org/undici-types/-/undici-types-8.9.0.tgz 0ms (cache hit)
26 http cache tinyglobby@https://registry.npmjs.org/tinyglobby/-/tinyglobby-0.2.17.tgz 0ms (cache hit)
27 http cache typescript@https://registry.npmjs.org/typescript/-/typescript-5.9.3.tgz 0ms (cache hit)
28 http cache tinyexec@https://registry.npmjs.org/tinyexec/-/tinyexec-1.3.1.tgz 0ms (cache hit)
29 http cache tinybench@https://registry.npmjs.org/tinybench/-/tinybench-6.2.1.tgz 0ms (cache hit)
30 http cache std-env@https://registry.npmjs.org/std-env/-/std-env-4.3.0.tgz 0ms (cache hit)
31 http cache set-cookie-parser@https://registry.npmjs.org/set-cookie-parser/-/set-cookie-parser-2.7.2.tgz 0ms (cache hit)
32 http cache scheduler@https://registry.npmjs.org/scheduler/-/scheduler-0.28.0.tgz 0ms (cache hit)
33 http cache semver@https://registry.npmjs.org/semver/-/semver-6.3.1.tgz 0ms (cache hit)
34 http cache source-map-js@https://registry.npmjs.org/source-map-js/-/source-map-js-1.2.2.tgz 0ms (cache hit)
35 http cache rollup@https://registry.npmjs.org/rollup/-/rollup-4.64.1.tgz 0ms (cache hit)
36 http cache saxen@https://registry.npmjs.org/saxen/-/saxen-11.2.0.tgz 0ms (cache hit)
37 http cache read-excel-file@https://registry.npmjs.org/read-excel-file/-/read-excel-file-9.3.10.tgz 0ms (cache hit)
38 http cache react-router@https://registry.npmjs.org/react-router/-/react-router-7.18.4.tgz 0ms (cache hit)
39 http cache react-router-dom@https://registry.npmjs.org/react-router-dom/-/react-router-dom-7.18.4.tgz 0ms (cache hit)
40 http cache react-refresh@https://registry.npmjs.org/react-refresh/-/react-refresh-0.17.0.tgz 0ms (cache hit)
41 http cache react@https://registry.npmjs.org/react/-/react-19.3.0.tgz 0ms (cache hit)
42 http cache prettier@https://registry.npmjs.org/prettier/-/prettier-3.9.9.tgz 0ms (cache hit)
43 http cache react-dom@https://registry.npmjs.org/react-dom/-/react-dom-19.3.0.tgz 0ms (cache hit)
44 http cache postcss@https://registry.npmjs.org/postcss/-/postcss-8.5.29.tgz 0ms (cache hit)
45 http cache playwright-core@https://registry.npmjs.org/playwright-core/-/playwright-core-1.63.0.tgz 0ms (cache hit)
46 http cache picomatch@https://registry.npmjs.org/picomatch/-/picomatch-4.0.7.tgz 0ms (cache hit)
47 http cache picocolors@https://registry.npmjs.org/picocolors/-/picocolors-1.1.1.tgz 0ms (cache hit)
48 http cache playwright@https://registry.npmjs.org/playwright/-/playwright-1.63.0.tgz 0ms (cache hit)
49 http cache papaparse@https://registry.npmjs.org/papaparse/-/papaparse-5.7.0.tgz 0ms (cache hit)
50 http cache obug@https://registry.npmjs.org/obug/-/obug-2.2.1.tgz 0ms (cache hit)
51 http cache node-releases@https://registry.npmjs.org/node-releases/-/node-releases-2.0.57.tgz 0ms (cache hit)
52 http cache node-int64@https://registry.npmjs.org/node-int64/-/node-int64-0.4.0.tgz 0ms (cache hit)
53 http cache ms@https://registry.npmjs.org/ms/-/ms-2.1.3.tgz 0ms (cache hit)
54 http cache nanoid@https://registry.npmjs.org/nanoid/-/nanoid-3.3.20.tgz 0ms (cache hit)
55 http cache magic-string@https://registry.npmjs.org/magic-string/-/magic-string-1.4.3.tgz 0ms (cache hit)
56 http cache lucide-react@https://registry.npmjs.org/lucide-react/-/lucide-react-0.468.0.tgz 0ms (cache hit)
57 http cache json5@https://registry.npmjs.org/json5/-/json5-2.2.3.tgz 0ms (cache hit)
58 http cache lru-cache@https://registry.npmjs.org/lru-cache/-/lru-cache-5.1.1.tgz 0ms (cache hit)
59 http cache js-tokens@https://registry.npmjs.org/js-tokens/-/js-tokens-4.0.0.tgz 0ms (cache hit)
60 http cache graceful-fs@https://registry.npmjs.org/graceful-fs/-/graceful-fs-4.2.11.tgz 0ms (cache hit)
61 http cache jsesc@https://registry.npmjs.org/jsesc/-/jsesc-3.1.0.tgz 0ms (cache hit)
62 http cache fflate@https://registry.npmjs.org/fflate/-/fflate-0.8.3.tgz 0ms (cache hit)
63 http cache fdir@https://registry.npmjs.org/fdir/-/fdir-6.5.0.tgz 0ms (cache hit)
64 http cache gensync@https://registry.npmjs.org/gensync/-/gensync-1.0.0-beta.2.tgz 0ms (cache hit)
65 http cache expect-type@https://registry.npmjs.org/expect-type/-/expect-type-1.4.0.tgz 0ms (cache hit)
66 http cache estree-walker@https://registry.npmjs.org/estree-walker/-/estree-walker-3.0.3.tgz 0ms (cache hit)
67 http cache esbuild@https://registry.npmjs.org/esbuild/-/esbuild-0.25.12.tgz 0ms (cache hit)
68 http cache escalade@https://registry.npmjs.org/escalade/-/escalade-3.2.0.tgz 0ms (cache hit)
69 http cache electron-to-chromium@https://registry.npmjs.org/electron-to-chromium/-/electron-to-chromium-1.5.449.tgz 0ms (cache hit)
70 http cache es-module-lexer@https://registry.npmjs.org/es-module-lexer/-/es-module-lexer-2.3.2.tgz 0ms (cache hit)
71 http cache csstype@https://registry.npmjs.org/csstype/-/csstype-3.2.3.tgz 0ms (cache hit)
72 http cache debug@https://registry.npmjs.org/debug/-/debug-4.4.3.tgz 0ms (cache hit)
73 http cache cookie@https://registry.npmjs.org/cookie/-/cookie-1.1.1.tgz 0ms (cache hit)
74 http cache convert-source-map@https://registry.npmjs.org/convert-source-map/-/convert-source-map-2.0.0.tgz 0ms (cache hit)
75 http cache chai@https://registry.npmjs.org/chai/-/chai-6.3.0.tgz 0ms (cache hit)
76 http cache @vitest/spy@https://registry.npmjs.org/@vitest/spy/-/spy-5.0.3.tgz 0ms (cache hit)
77 http cache caniuse-lite@https://registry.npmjs.org/caniuse-lite/-/caniuse-lite-1.0.30001815.tgz 0ms (cache hit)
78 http cache assertion-error@https://registry.npmjs.org/assertion-error/-/assertion-error-2.0.1.tgz 0ms (cache hit)
79 http cache @vitest/mocker@https://registry.npmjs.org/@vitest/mocker/-/mocker-5.0.3.tgz 0ms (cache hit)
80 http cache baseline-browser-mapping@https://registry.npmjs.org/baseline-browser-mapping/-/baseline-browser-mapping-2.11.27.tgz 0ms (cache hit)
81 http cache browserslist@https://registry.npmjs.org/browserslist/-/browserslist-4.29.3.tgz 0ms (cache hit)
82 http cache @vitejs/plugin-react@https://registry.npmjs.org/@vitejs/plugin-react/-/plugin-react-4.7.0.tgz 0ms (cache hit)
83 http cache @types/react-dom@https://registry.npmjs.org/@types/react-dom/-/react-dom-19.3.0.tgz 0ms (cache hit)
84 http cache @types/react@https://registry.npmjs.org/@types/react/-/react-19.3.0.tgz 0ms (cache hit)
85 http cache @types/papaparse@https://registry.npmjs.org/@types/papaparse/-/papaparse-5.5.2.tgz 0ms (cache hit)
86 http cache @types/node@https://registry.npmjs.org/@types/node/-/node-26.6.4.tgz 0ms (cache hit)
87 http cache @types/estree@https://registry.npmjs.org/@types/estree/-/estree-1.0.9.tgz 0ms (cache hit)
88 http cache @types/deep-eql@https://registry.npmjs.org/@types/deep-eql/-/deep-eql-4.0.2.tgz 0ms (cache hit)
89 http cache @types/chai@https://registry.npmjs.org/@types/chai/-/chai-5.2.3.tgz 0ms (cache hit)
90 http cache @types/babel__traverse@https://registry.npmjs.org/@types/babel__traverse/-/babel__traverse-7.28.0.tgz 0ms (cache hit)
91 http cache @rollup/rollup-win32-x64-msvc@https://registry.npmjs.org/@rollup/rollup-win32-x64-msvc/-/rollup-win32-x64-msvc-4.64.1.tgz 0ms (cache hit)
92 http cache @types/babel__template@https://registry.npmjs.org/@types/babel__template/-/babel__template-7.4.4.tgz 0ms (cache hit)
93 http cache @types/babel__generator@https://registry.npmjs.org/@types/babel__generator/-/babel__generator-7.27.0.tgz 0ms (cache hit)
94 http cache @types/babel__core@https://registry.npmjs.org/@types/babel__core/-/babel__core-7.20.5.tgz 0ms (cache hit)
95 http cache @rollup/rollup-win32-x64-gnu@https://registry.npmjs.org/@rollup/rollup-win32-x64-gnu/-/rollup-win32-x64-gnu-4.64.1.tgz 0ms (cache hit)
96 http cache @playwright/test@https://registry.npmjs.org/@playwright/test/-/test-1.63.0.tgz 0ms (cache hit)
97 http cache @jridgewell/sourcemap-codec@https://registry.npmjs.org/@jridgewell/sourcemap-codec/-/sourcemap-codec-1.6.0.tgz 0ms (cache hit)
98 http cache @jridgewell/trace-mapping@https://registry.npmjs.org/@jridgewell/trace-mapping/-/trace-mapping-0.3.31.tgz 0ms (cache hit)
99 http cache @rolldown/pluginutils@https://registry.npmjs.org/@rolldown/pluginutils/-/pluginutils-1.0.0-beta.27.tgz 0ms (cache hit)
100 http cache @jridgewell/remapping@https://registry.npmjs.org/@jridgewell/remapping/-/remapping-2.3.5.tgz 0ms (cache hit)
101 http cache @jridgewell/resolve-uri@https://registry.npmjs.org/@jridgewell/resolve-uri/-/resolve-uri-3.1.2.tgz 0ms (cache hit)
102 http cache @fontsource/manrope@https://registry.npmjs.org/@fontsource/manrope/-/manrope-5.3.0.tgz 0ms (cache hit)
103 http cache @fontsource/dm-sans@https://registry.npmjs.org/@fontsource/dm-sans/-/dm-sans-5.3.0.tgz 0ms (cache hit)
104 http cache @esbuild/win32-x64@https://registry.npmjs.org/@esbuild/win32-x64/-/win32-x64-0.25.12.tgz 0ms (cache hit)
105 http cache @jridgewell/gen-mapping@https://registry.npmjs.org/@jridgewell/gen-mapping/-/gen-mapping-0.3.13.tgz 0ms (cache hit)
106 http cache @babel/types@https://registry.npmjs.org/@babel/types/-/types-7.29.8.tgz 0ms (cache hit)
107 http cache @babel/traverse@https://registry.npmjs.org/@babel/traverse/-/traverse-7.29.10.tgz 0ms (cache hit)
108 http cache @babel/plugin-transform-react-jsx-source@https://registry.npmjs.org/@babel/plugin-transform-react-jsx-source/-/plugin-transform-react-jsx-source-7.29.7.tgz 0ms (cache hit)
109 http cache @babel/template@https://registry.npmjs.org/@babel/template/-/template-7.29.7.tgz 0ms (cache hit)
110 http cache @babel/parser@https://registry.npmjs.org/@babel/parser/-/parser-7.29.9.tgz 0ms (cache hit)
111 http cache @babel/plugin-transform-react-jsx-self@https://registry.npmjs.org/@babel/plugin-transform-react-jsx-self/-/plugin-transform-react-jsx-self-7.29.7.tgz 0ms (cache hit)
112 http cache @babel/helper-validator-option@https://registry.npmjs.org/@babel/helper-validator-option/-/helper-validator-option-7.29.7.tgz 0ms (cache hit)
113 http cache @babel/helpers@https://registry.npmjs.org/@babel/helpers/-/helpers-7.29.10.tgz 0ms (cache hit)
114 http cache @babel/helper-validator-identifier@https://registry.npmjs.org/@babel/helper-validator-identifier/-/helper-validator-identifier-7.29.7.tgz 0ms (cache hit)
115 http cache @babel/helper-string-parser@https://registry.npmjs.org/@babel/helper-string-parser/-/helper-string-parser-7.29.7.tgz 0ms (cache hit)
116 http cache @babel/helper-module-imports@https://registry.npmjs.org/@babel/helper-module-imports/-/helper-module-imports-7.29.7.tgz 0ms (cache hit)
117 http cache @babel/helper-module-transforms@https://registry.npmjs.org/@babel/helper-module-transforms/-/helper-module-transforms-7.29.7.tgz 0ms (cache hit)
118 http cache @babel/helper-compilation-targets@https://registry.npmjs.org/@babel/helper-compilation-targets/-/helper-compilation-targets-7.29.7.tgz 0ms (cache hit)
119 http cache @babel/helper-plugin-utils@https://registry.npmjs.org/@babel/helper-plugin-utils/-/helper-plugin-utils-7.29.7.tgz 0ms (cache hit)
120 http cache @babel/helper-globals@https://registry.npmjs.org/@babel/helper-globals/-/helper-globals-7.29.7.tgz 0ms (cache hit)
121 http cache @babel/generator@https://registry.npmjs.org/@babel/generator/-/generator-7.29.8.tgz 0ms (cache hit)
122 silly tarball no local data for zod@https://registry.npmjs.org/zod/-/zod-4.6.5.tgz. Extracting by manifest.
123 silly tarball no local data for yallist@https://registry.npmjs.org/yallist/-/yallist-3.1.1.tgz. Extracting by manifest.
124 silly tarball no local data for worker-f@https://registry.npmjs.org/worker-f/-/worker-f-0.1.20.tgz. Extracting by manifest.
125 silly tarball no local data for why-is-node-running@https://registry.npmjs.org/why-is-node-running/-/why-is-node-running-3.2.1.tgz. Extracting by manifest.
126 silly tarball no local data for vitest@https://registry.npmjs.org/vitest/-/vitest-5.0.3.tgz. Extracting by manifest.
127 silly tarball no local data for vite@https://registry.npmjs.org/vite/-/vite-6.4.4.tgz. Extracting by manifest.
128 silly tarball no local data for unzipper-esm@https://registry.npmjs.org/unzipper-esm/-/unzipper-esm-0.13.3.tgz. Extracting by manifest.
129 silly tarball no local data for update-browserslist-db@https://registry.npmjs.org/update-browserslist-db/-/update-browserslist-db-1.3.3.tgz. Extracting by manifest.
130 silly tarball no local data for undici-types@https://registry.npmjs.org/undici-types/-/undici-types-8.9.0.tgz. Extracting by manifest.
131 silly tarball no local data for tinyglobby@https://registry.npmjs.org/tinyglobby/-/tinyglobby-0.2.17.tgz. Extracting by manifest.
132 silly tarball no local data for typescript@https://registry.npmjs.org/typescript/-/typescript-5.9.3.tgz. Extracting by manifest.
133 http cache @babel/core@https://registry.npmjs.org/@babel/core/-/core-7.29.7.tgz 0ms (cache hit)
134 silly tarball no local data for tinyexec@https://registry.npmjs.org/tinyexec/-/tinyexec-1.3.1.tgz. Extracting by manifest.
135 http cache @babel/compat-data@https://registry.npmjs.org/@babel/compat-data/-/compat-data-7.29.7.tgz 0ms (cache hit)
136 silly tarball no local data for tinybench@https://registry.npmjs.org/tinybench/-/tinybench-6.2.1.tgz. Extracting by manifest.
137 silly tarball no local data for std-env@https://registry.npmjs.org/std-env/-/std-env-4.3.0.tgz. Extracting by manifest.
138 silly tarball no local data for set-cookie-parser@https://registry.npmjs.org/set-cookie-parser/-/set-cookie-parser-2.7.2.tgz. Extracting by manifest.
139 silly tarball no local data for scheduler@https://registry.npmjs.org/scheduler/-/scheduler-0.28.0.tgz. Extracting by manifest.
140 silly tarball no local data for semver@https://registry.npmjs.org/semver/-/semver-6.3.1.tgz. Extracting by manifest.
141 silly tarball no local data for source-map-js@https://registry.npmjs.org/source-map-js/-/source-map-js-1.2.2.tgz. Extracting by manifest.
142 silly tarball no local data for rollup@https://registry.npmjs.org/rollup/-/rollup-4.64.1.tgz. Extracting by manifest.
143 silly tarball no local data for saxen@https://registry.npmjs.org/saxen/-/saxen-11.2.0.tgz. Extracting by manifest.
144 silly tarball no local data for read-excel-file@https://registry.npmjs.org/read-excel-file/-/read-excel-file-9.3.10.tgz. Extracting by manifest.
145 http cache @babel/code-frame@https://registry.npmjs.org/@babel/code-frame/-/code-frame-7.29.7.tgz 0ms (cache hit)
146 silly tarball no local data for react-router@https://registry.npmjs.org/react-router/-/react-router-7.18.4.tgz. Extracting by manifest.
147 silly tarball no local data for react-router-dom@https://registry.npmjs.org/react-router-dom/-/react-router-dom-7.18.4.tgz. Extracting by manifest.
148 silly tarball no local data for react-refresh@https://registry.npmjs.org/react-refresh/-/react-refresh-0.17.0.tgz. Extracting by manifest.
149 silly tarball no local data for react@https://registry.npmjs.org/react/-/react-19.3.0.tgz. Extracting by manifest.
150 silly tarball no local data for prettier@https://registry.npmjs.org/prettier/-/prettier-3.9.9.tgz. Extracting by manifest.
151 silly tarball no local data for react-dom@https://registry.npmjs.org/react-dom/-/react-dom-19.3.0.tgz. Extracting by manifest.
152 silly tarball no local data for postcss@https://registry.npmjs.org/postcss/-/postcss-8.5.29.tgz. Extracting by manifest.
153 silly tarball no local data for playwright-core@https://registry.npmjs.org/playwright-core/-/playwright-core-1.63.0.tgz. Extracting by manifest.
154 silly tarball no local data for picomatch@https://registry.npmjs.org/picomatch/-/picomatch-4.0.7.tgz. Extracting by manifest.
155 silly tarball no local data for picocolors@https://registry.npmjs.org/picocolors/-/picocolors-1.1.1.tgz. Extracting by manifest.
156 silly tarball no local data for playwright@https://registry.npmjs.org/playwright/-/playwright-1.63.0.tgz. Extracting by manifest.
157 silly tarball no local data for papaparse@https://registry.npmjs.org/papaparse/-/papaparse-5.7.0.tgz. Extracting by manifest.
158 silly tarball no local data for obug@https://registry.npmjs.org/obug/-/obug-2.2.1.tgz. Extracting by manifest.
159 silly tarball no local data for node-releases@https://registry.npmjs.org/node-releases/-/node-releases-2.0.57.tgz. Extracting by manifest.
160 silly tarball no local data for node-int64@https://registry.npmjs.org/node-int64/-/node-int64-0.4.0.tgz. Extracting by manifest.
161 silly tarball no local data for ms@https://registry.npmjs.org/ms/-/ms-2.1.3.tgz. Extracting by manifest.
162 silly tarball no local data for nanoid@https://registry.npmjs.org/nanoid/-/nanoid-3.3.20.tgz. Extracting by manifest.
163 silly tarball no local data for magic-string@https://registry.npmjs.org/magic-string/-/magic-string-1.4.3.tgz. Extracting by manifest.
164 silly tarball no local data for lucide-react@https://registry.npmjs.org/lucide-react/-/lucide-react-0.468.0.tgz. Extracting by manifest.
165 silly tarball no local data for json5@https://registry.npmjs.org/json5/-/json5-2.2.3.tgz. Extracting by manifest.
166 silly tarball no local data for lru-cache@https://registry.npmjs.org/lru-cache/-/lru-cache-5.1.1.tgz. Extracting by manifest.
167 silly tarball no local data for js-tokens@https://registry.npmjs.org/js-tokens/-/js-tokens-4.0.0.tgz. Extracting by manifest.
168 silly tarball no local data for graceful-fs@https://registry.npmjs.org/graceful-fs/-/graceful-fs-4.2.11.tgz. Extracting by manifest.
169 silly tarball no local data for jsesc@https://registry.npmjs.org/jsesc/-/jsesc-3.1.0.tgz. Extracting by manifest.
170 silly tarball no local data for fflate@https://registry.npmjs.org/fflate/-/fflate-0.8.3.tgz. Extracting by manifest.
171 silly tarball no local data for fdir@https://registry.npmjs.org/fdir/-/fdir-6.5.0.tgz. Extracting by manifest.
172 silly tarball no local data for gensync@https://registry.npmjs.org/gensync/-/gensync-1.0.0-beta.2.tgz. Extracting by manifest.
173 silly tarball no local data for expect-type@https://registry.npmjs.org/expect-type/-/expect-type-1.4.0.tgz. Extracting by manifest.
174 silly tarball no local data for estree-walker@https://registry.npmjs.org/estree-walker/-/estree-walker-3.0.3.tgz. Extracting by manifest.
175 silly tarball no local data for esbuild@https://registry.npmjs.org/esbuild/-/esbuild-0.25.12.tgz. Extracting by manifest.
176 silly tarball no local data for escalade@https://registry.npmjs.org/escalade/-/escalade-3.2.0.tgz. Extracting by manifest.
177 silly tarball no local data for electron-to-chromium@https://registry.npmjs.org/electron-to-chromium/-/electron-to-chromium-1.5.449.tgz. Extracting by manifest.
178 silly tarball no local data for es-module-lexer@https://registry.npmjs.org/es-module-lexer/-/es-module-lexer-2.3.2.tgz. Extracting by manifest.
179 silly tarball no local data for csstype@https://registry.npmjs.org/csstype/-/csstype-3.2.3.tgz. Extracting by manifest.
180 silly tarball no local data for debug@https://registry.npmjs.org/debug/-/debug-4.4.3.tgz. Extracting by manifest.
181 silly tarball no local data for cookie@https://registry.npmjs.org/cookie/-/cookie-1.1.1.tgz. Extracting by manifest.
182 silly tarball no local data for convert-source-map@https://registry.npmjs.org/convert-source-map/-/convert-source-map-2.0.0.tgz. Extracting by manifest.
183 silly tarball no local data for chai@https://registry.npmjs.org/chai/-/chai-6.3.0.tgz. Extracting by manifest.
184 silly tarball no local data for @vitest/spy@https://registry.npmjs.org/@vitest/spy/-/spy-5.0.3.tgz. Extracting by manifest.
185 silly tarball no local data for caniuse-lite@https://registry.npmjs.org/caniuse-lite/-/caniuse-lite-1.0.30001815.tgz. Extracting by manifest.
186 silly tarball no local data for assertion-error@https://registry.npmjs.org/assertion-error/-/assertion-error-2.0.1.tgz. Extracting by manifest.
187 silly tarball no local data for @vitest/mocker@https://registry.npmjs.org/@vitest/mocker/-/mocker-5.0.3.tgz. Extracting by manifest.
188 silly tarball no local data for baseline-browser-mapping@https://registry.npmjs.org/baseline-browser-mapping/-/baseline-browser-mapping-2.11.27.tgz. Extracting by manifest.
189 silly tarball no local data for browserslist@https://registry.npmjs.org/browserslist/-/browserslist-4.29.3.tgz. Extracting by manifest.
190 silly tarball no local data for @vitejs/plugin-react@https://registry.npmjs.org/@vitejs/plugin-react/-/plugin-react-4.7.0.tgz. Extracting by manifest.
191 silly tarball no local data for @types/react-dom@https://registry.npmjs.org/@types/react-dom/-/react-dom-19.3.0.tgz. Extracting by manifest.
192 silly tarball no local data for @types/react@https://registry.npmjs.org/@types/react/-/react-19.3.0.tgz. Extracting by manifest.
193 silly tarball no local data for @types/papaparse@https://registry.npmjs.org/@types/papaparse/-/papaparse-5.5.2.tgz. Extracting by manifest.
194 silly tarball no local data for @types/node@https://registry.npmjs.org/@types/node/-/node-26.6.4.tgz. Extracting by manifest.
195 silly tarball no local data for @types/estree@https://registry.npmjs.org/@types/estree/-/estree-1.0.9.tgz. Extracting by manifest.
196 silly tarball no local data for @types/deep-eql@https://registry.npmjs.org/@types/deep-eql/-/deep-eql-4.0.2.tgz. Extracting by manifest.
197 silly tarball no local data for @types/chai@https://registry.npmjs.org/@types/chai/-/chai-5.2.3.tgz. Extracting by manifest.
198 silly tarball no local data for @types/babel__traverse@https://registry.npmjs.org/@types/babel__traverse/-/babel__traverse-7.28.0.tgz. Extracting by manifest.
199 silly tarball no local data for @rollup/rollup-win32-x64-msvc@https://registry.npmjs.org/@rollup/rollup-win32-x64-msvc/-/rollup-win32-x64-msvc-4.64.1.tgz. Extracting by manifest.
200 silly tarball no local data for @types/babel__template@https://registry.npmjs.org/@types/babel__template/-/babel__template-7.4.4.tgz. Extracting by manifest.
201 silly tarball no local data for @types/babel__generator@https://registry.npmjs.org/@types/babel__generator/-/babel__generator-7.27.0.tgz. Extracting by manifest.
202 silly tarball no local data for @types/babel__core@https://registry.npmjs.org/@types/babel__core/-/babel__core-7.20.5.tgz. Extracting by manifest.
203 silly tarball no local data for @rollup/rollup-win32-x64-gnu@https://registry.npmjs.org/@rollup/rollup-win32-x64-gnu/-/rollup-win32-x64-gnu-4.64.1.tgz. Extracting by manifest.
204 silly tarball no local data for @playwright/test@https://registry.npmjs.org/@playwright/test/-/test-1.63.0.tgz. Extracting by manifest.
205 silly tarball no local data for @jridgewell/sourcemap-codec@https://registry.npmjs.org/@jridgewell/sourcemap-codec/-/sourcemap-codec-1.6.0.tgz. Extracting by manifest.
206 silly tarball no local data for @jridgewell/trace-mapping@https://registry.npmjs.org/@jridgewell/trace-mapping/-/trace-mapping-0.3.31.tgz. Extracting by manifest.
207 silly tarball no local data for @rolldown/pluginutils@https://registry.npmjs.org/@rolldown/pluginutils/-/pluginutils-1.0.0-beta.27.tgz. Extracting by manifest.
208 silly tarball no local data for @jridgewell/remapping@https://registry.npmjs.org/@jridgewell/remapping/-/remapping-2.3.5.tgz. Extracting by manifest.
209 silly tarball no local data for @jridgewell/resolve-uri@https://registry.npmjs.org/@jridgewell/resolve-uri/-/resolve-uri-3.1.2.tgz. Extracting by manifest.
210 silly tarball no local data for @fontsource/manrope@https://registry.npmjs.org/@fontsource/manrope/-/manrope-5.3.0.tgz. Extracting by manifest.
211 silly tarball no local data for @fontsource/dm-sans@https://registry.npmjs.org/@fontsource/dm-sans/-/dm-sans-5.3.0.tgz. Extracting by manifest.
212 silly tarball no local data for @esbuild/win32-x64@https://registry.npmjs.org/@esbuild/win32-x64/-/win32-x64-0.25.12.tgz. Extracting by manifest.
213 silly tarball no local data for @jridgewell/gen-mapping@https://registry.npmjs.org/@jridgewell/gen-mapping/-/gen-mapping-0.3.13.tgz. Extracting by manifest.
214 silly tarball no local data for @babel/types@https://registry.npmjs.org/@babel/types/-/types-7.29.8.tgz. Extracting by manifest.
215 silly tarball no local data for @babel/traverse@https://registry.npmjs.org/@babel/traverse/-/traverse-7.29.10.tgz. Extracting by manifest.
216 silly tarball no local data for @babel/plugin-transform-react-jsx-source@https://registry.npmjs.org/@babel/plugin-transform-react-jsx-source/-/plugin-transform-react-jsx-source-7.29.7.tgz. Extracting by manifest.
217 silly tarball no local data for @babel/template@https://registry.npmjs.org/@babel/template/-/template-7.29.7.tgz. Extracting by manifest.
218 silly tarball no local data for @babel/parser@https://registry.npmjs.org/@babel/parser/-/parser-7.29.9.tgz. Extracting by manifest.
219 silly tarball no local data for @babel/plugin-transform-react-jsx-self@https://registry.npmjs.org/@babel/plugin-transform-react-jsx-self/-/plugin-transform-react-jsx-self-7.29.7.tgz. Extracting by manifest.
220 silly tarball no local data for @babel/helper-validator-option@https://registry.npmjs.org/@babel/helper-validator-option/-/helper-validator-option-7.29.7.tgz. Extracting by manifest.
221 silly tarball no local data for @babel/helpers@https://registry.npmjs.org/@babel/helpers/-/helpers-7.29.10.tgz. Extracting by manifest.
222 silly tarball no local data for @babel/helper-validator-identifier@https://registry.npmjs.org/@babel/helper-validator-identifier/-/helper-validator-identifier-7.29.7.tgz. Extracting by manifest.
223 silly tarball no local data for @babel/helper-string-parser@https://registry.npmjs.org/@babel/helper-string-parser/-/helper-string-parser-7.29.7.tgz. Extracting by manifest.
224 silly tarball no local data for @babel/helper-module-imports@https://registry.npmjs.org/@babel/helper-module-imports/-/helper-module-imports-7.29.7.tgz. Extracting by manifest.
225 silly tarball no local data for @babel/helper-module-transforms@https://registry.npmjs.org/@babel/helper-module-transforms/-/helper-module-transforms-7.29.7.tgz. Extracting by manifest.
226 silly tarball no local data for @babel/helper-compilation-targets@https://registry.npmjs.org/@babel/helper-compilation-targets/-/helper-compilation-targets-7.29.7.tgz. Extracting by manifest.
227 silly tarball no local data for @babel/helper-plugin-utils@https://registry.npmjs.org/@babel/helper-plugin-utils/-/helper-plugin-utils-7.29.7.tgz. Extracting by manifest.
228 silly tarball no local data for @babel/helper-globals@https://registry.npmjs.org/@babel/helper-globals/-/helper-globals-7.29.7.tgz. Extracting by manifest.
229 silly tarball no local data for @babel/generator@https://registry.npmjs.org/@babel/generator/-/generator-7.29.8.tgz. Extracting by manifest.
230 silly tarball no local data for @babel/core@https://registry.npmjs.org/@babel/core/-/core-7.29.7.tgz. Extracting by manifest.
231 silly tarball no local data for @babel/compat-data@https://registry.npmjs.org/@babel/compat-data/-/compat-data-7.29.7.tgz. Extracting by manifest.
232 silly tarball no local data for @babel/code-frame@https://registry.npmjs.org/@babel/code-frame/-/code-frame-7.29.7.tgz. Extracting by manifest.
233 http fetch GET 200 https://registry.npmjs.org/yallist/-/yallist-3.1.1.tgz 679ms (cache miss)
234 http fetch GET 200 https://registry.npmjs.org/undici-types/-/undici-types-8.9.0.tgz 750ms (cache miss)
235 http fetch GET 200 https://registry.npmjs.org/update-browserslist-db/-/update-browserslist-db-1.3.3.tgz 757ms (cache miss)
236 http fetch POST 200 https://registry.npmjs.org/-/npm/v1/security/advisories/bulk 984ms
237 silly audit report {}
238 http fetch GET 200 https://registry.npmjs.org/set-cookie-parser/-/set-cookie-parser-2.7.2.tgz 875ms (cache miss)
239 http fetch GET 200 https://registry.npmjs.org/std-env/-/std-env-4.3.0.tgz 881ms (cache miss)
240 http fetch GET 200 https://registry.npmjs.org/npm 1235ms
241 http fetch GET 200 https://registry.npmjs.org/scheduler/-/scheduler-0.28.0.tgz 982ms (cache miss)
242 http fetch GET 200 https://registry.npmjs.org/tinybench/-/tinybench-6.2.1.tgz 1026ms (cache miss)
243 http fetch GET 200 https://registry.npmjs.org/semver/-/semver-6.3.1.tgz 1035ms (cache miss)
244 http fetch GET 200 https://registry.npmjs.org/source-map-js/-/source-map-js-1.2.2.tgz 1099ms (cache miss)
245 http fetch GET 200 https://registry.npmjs.org/saxen/-/saxen-11.2.0.tgz 1110ms (cache miss)
246 http fetch GET 200 https://registry.npmjs.org/unzipper-esm/-/unzipper-esm-0.13.3.tgz 1200ms (cache miss)
247 http fetch GET 200 https://registry.npmjs.org/react-router-dom/-/react-router-dom-7.18.4.tgz 1227ms (cache miss)
248 http fetch GET 200 https://registry.npmjs.org/react-refresh/-/react-refresh-0.17.0.tgz 1255ms (cache miss)
249 http fetch GET 200 https://registry.npmjs.org/worker-f/-/worker-f-0.1.20.tgz 1363ms (cache miss)
250 http fetch GET 200 https://registry.npmjs.org/react/-/react-19.3.0.tgz 1363ms (cache miss)
251 http fetch GET 200 https://registry.npmjs.org/why-is-node-running/-/why-is-node-running-3.2.1.tgz 1493ms (cache miss)
252 http fetch GET 200 https://registry.npmjs.org/tinyexec/-/tinyexec-1.3.1.tgz 1664ms (cache miss)
253 http fetch GET 200 https://registry.npmjs.org/tinyglobby/-/tinyglobby-0.2.17.tgz 1669ms (cache miss)
254 http fetch GET 200 https://registry.npmjs.org/picomatch/-/picomatch-4.0.7.tgz 1665ms (cache miss)
255 http fetch GET 200 https://registry.npmjs.org/picocolors/-/picocolors-1.1.1.tgz 1789ms (cache miss)
256 http fetch GET 200 https://registry.npmjs.org/postcss/-/postcss-8.5.29.tgz 2003ms (cache miss)
257 http fetch GET 200 https://registry.npmjs.org/node-releases/-/node-releases-2.0.57.tgz 2076ms (cache miss)
258 http fetch GET 200 https://registry.npmjs.org/node-int64/-/node-int64-0.4.0.tgz 2103ms (cache miss)
259 http fetch GET 200 https://registry.npmjs.org/ms/-/ms-2.1.3.tgz 2166ms (cache miss)
260 http fetch GET 200 https://registry.npmjs.org/read-excel-file/-/read-excel-file-9.3.10.tgz 2256ms (cache miss)
261 http fetch GET 200 https://registry.npmjs.org/vite/-/vite-6.4.4.tgz 2301ms (cache miss)
262 http fetch GET 200 https://registry.npmjs.org/obug/-/obug-2.2.1.tgz 2342ms (cache miss)
263 http fetch GET 200 https://registry.npmjs.org/papaparse/-/papaparse-5.7.0.tgz 2392ms (cache miss)
264 http fetch GET 200 https://registry.npmjs.org/magic-string/-/magic-string-1.4.3.tgz 2431ms (cache miss)
265 http fetch GET 200 https://registry.npmjs.org/nanoid/-/nanoid-3.3.20.tgz 2495ms (cache miss)
266 http fetch GET 200 https://registry.npmjs.org/json5/-/json5-2.2.3.tgz 2604ms (cache miss)
267 http fetch GET 200 https://registry.npmjs.org/lru-cache/-/lru-cache-5.1.1.tgz 2635ms (cache miss)
268 http fetch GET 200 https://registry.npmjs.org/js-tokens/-/js-tokens-4.0.0.tgz 2655ms (cache miss)
269 http fetch GET 200 https://registry.npmjs.org/graceful-fs/-/graceful-fs-4.2.11.tgz 2731ms (cache miss)
270 http fetch GET 200 https://registry.npmjs.org/jsesc/-/jsesc-3.1.0.tgz 2752ms (cache miss)
271 http fetch GET 200 https://registry.npmjs.org/rollup/-/rollup-4.64.1.tgz 2861ms (cache miss)
272 http fetch GET 200 https://registry.npmjs.org/fdir/-/fdir-6.5.0.tgz 2980ms (cache miss)
273 http fetch GET 200 https://registry.npmjs.org/gensync/-/gensync-1.0.0-beta.2.tgz 2993ms (cache miss)
274 http fetch GET 200 https://registry.npmjs.org/fflate/-/fflate-0.8.3.tgz 3031ms (cache miss)
275 http fetch GET 200 https://registry.npmjs.org/esbuild/-/esbuild-0.25.12.tgz 3312ms (cache miss)
276 http fetch GET 200 https://registry.npmjs.org/vitest/-/vitest-5.0.3.tgz 3394ms (cache miss)
277 http fetch GET 200 https://registry.npmjs.org/escalade/-/escalade-3.2.0.tgz 3453ms (cache miss)
278 http fetch GET 200 https://registry.npmjs.org/electron-to-chromium/-/electron-to-chromium-1.5.449.tgz 3492ms (cache miss)
279 http fetch GET 200 https://registry.npmjs.org/es-module-lexer/-/es-module-lexer-2.3.2.tgz 3498ms (cache miss)
280 http fetch GET 200 https://registry.npmjs.org/expect-type/-/expect-type-1.4.0.tgz 3666ms (cache miss)
281 http fetch GET 200 https://registry.npmjs.org/cookie/-/cookie-1.1.1.tgz 3741ms (cache miss)
282 http fetch GET 200 https://registry.npmjs.org/debug/-/debug-4.4.3.tgz 3754ms (cache miss)
283 http fetch GET 200 https://registry.npmjs.org/convert-source-map/-/convert-source-map-2.0.0.tgz 3756ms (cache miss)
284 http fetch GET 200 https://registry.npmjs.org/estree-walker/-/estree-walker-3.0.3.tgz 3776ms (cache miss)
285 http fetch GET 200 https://registry.npmjs.org/chai/-/chai-6.3.0.tgz 3876ms (cache miss)
286 http fetch GET 200 https://registry.npmjs.org/react-router/-/react-router-7.18.4.tgz 4000ms (cache miss)
287 http fetch GET 200 https://registry.npmjs.org/assertion-error/-/assertion-error-2.0.1.tgz 4013ms (cache miss)
288 http fetch GET 200 https://registry.npmjs.org/browserslist/-/browserslist-4.29.3.tgz 4090ms (cache miss)
289 http fetch GET 200 https://registry.npmjs.org/baseline-browser-mapping/-/baseline-browser-mapping-2.11.27.tgz 4124ms (cache miss)
290 http fetch GET 200 https://registry.npmjs.org/@vitest/mocker/-/mocker-5.0.3.tgz 4210ms (cache miss)
291 http fetch GET 200 https://registry.npmjs.org/@vitejs/plugin-react/-/plugin-react-4.7.0.tgz 4234ms (cache miss)
292 http fetch GET 200 https://registry.npmjs.org/csstype/-/csstype-3.2.3.tgz 4261ms (cache miss)
293 http fetch GET 200 https://registry.npmjs.org/@types/react-dom/-/react-dom-19.3.0.tgz 4290ms (cache miss)
294 http fetch GET 200 https://registry.npmjs.org/@types/papaparse/-/papaparse-5.5.2.tgz 4385ms (cache miss)
295 http fetch GET 200 https://registry.npmjs.org/react-dom/-/react-dom-19.3.0.tgz 4475ms (cache miss)
296 http fetch GET 200 https://registry.npmjs.org/@types/estree/-/estree-1.0.9.tgz 4442ms (cache miss)
297 http fetch GET 200 https://registry.npmjs.org/@types/deep-eql/-/deep-eql-4.0.2.tgz 4512ms (cache miss)
298 http fetch GET 200 https://registry.npmjs.org/zod/-/zod-4.6.5.tgz 4586ms (cache miss)
299 http fetch GET 200 https://registry.npmjs.org/@types/chai/-/chai-5.2.3.tgz 4612ms (cache miss)
300 http fetch GET 200 https://registry.npmjs.org/@types/babel__traverse/-/babel__traverse-7.28.0.tgz 4632ms (cache miss)
301 http fetch GET 200 https://registry.npmjs.org/@types/react/-/react-19.3.0.tgz 4655ms (cache miss)
302 http fetch GET 200 https://registry.npmjs.org/@types/babel__template/-/babel__template-7.4.4.tgz 4668ms (cache miss)
303 http fetch GET 200 https://registry.npmjs.org/@types/babel__generator/-/babel__generator-7.27.0.tgz 4785ms (cache miss)
304 http fetch GET 200 https://registry.npmjs.org/@types/babel__core/-/babel__core-7.20.5.tgz 4823ms (cache miss)
305 http fetch GET 200 https://registry.npmjs.org/@playwright/test/-/test-1.63.0.tgz 4931ms (cache miss)
306 http fetch GET 200 https://registry.npmjs.org/@jridgewell/sourcemap-codec/-/sourcemap-codec-1.6.0.tgz 5051ms (cache miss)
307 http fetch GET 200 https://registry.npmjs.org/@rolldown/pluginutils/-/pluginutils-1.0.0-beta.27.tgz 5093ms (cache miss)
308 http fetch GET 200 https://registry.npmjs.org/@jridgewell/remapping/-/remapping-2.3.5.tgz 5187ms (cache miss)
309 http fetch GET 200 https://registry.npmjs.org/@vitest/spy/-/spy-5.0.3.tgz 5354ms (cache miss)
310 http fetch GET 200 https://registry.npmjs.org/@jridgewell/resolve-uri/-/resolve-uri-3.1.2.tgz 5408ms (cache miss)
311 http fetch GET 200 https://registry.npmjs.org/@types/node/-/node-26.6.4.tgz 5712ms (cache miss)
312 http fetch GET 200 https://registry.npmjs.org/@jridgewell/trace-mapping/-/trace-mapping-0.3.31.tgz 6099ms (cache miss)
313 http fetch GET 200 https://registry.npmjs.org/prettier/-/prettier-3.9.9.tgz 6337ms (cache miss)
314 http fetch GET 200 https://registry.npmjs.org/playwright/-/playwright-1.63.0.tgz 6347ms (cache miss)
315 http fetch GET 200 https://registry.npmjs.org/@rollup/rollup-win32-x64-msvc/-/rollup-win32-x64-msvc-4.64.1.tgz 6516ms (cache miss)
316 http fetch GET 200 https://registry.npmjs.org/@babel/plugin-transform-react-jsx-source/-/plugin-transform-react-jsx-source-7.29.7.tgz 6528ms (cache miss)
317 http fetch GET 200 https://registry.npmjs.org/@babel/template/-/template-7.29.7.tgz 6743ms (cache miss)
318 http fetch GET 200 https://registry.npmjs.org/@babel/plugin-transform-react-jsx-self/-/plugin-transform-react-jsx-self-7.29.7.tgz 6754ms (cache miss)
319 http fetch GET 200 https://registry.npmjs.org/@babel/helper-validator-option/-/helper-validator-option-7.29.7.tgz 6897ms (cache miss)
320 http fetch GET 200 https://registry.npmjs.org/@babel/types/-/types-7.29.8.tgz 6907ms (cache miss)
321 http fetch GET 200 https://registry.npmjs.org/@babel/traverse/-/traverse-7.29.10.tgz 7065ms (cache miss)
322 http fetch GET 200 https://registry.npmjs.org/@babel/helper-string-parser/-/helper-string-parser-7.29.7.tgz 7177ms (cache miss)
323 http fetch GET 200 https://registry.npmjs.org/@babel/helper-module-transforms/-/helper-module-transforms-7.29.7.tgz 7325ms (cache miss)
324 http fetch GET 200 https://registry.npmjs.org/@babel/helper-compilation-targets/-/helper-compilation-targets-7.29.7.tgz 7443ms (cache miss)
325 http fetch GET 200 https://registry.npmjs.org/@babel/helper-plugin-utils/-/helper-plugin-utils-7.29.7.tgz 7618ms (cache miss)
326 http fetch GET 200 https://registry.npmjs.org/@babel/parser/-/parser-7.29.9.tgz 7647ms (cache miss)
327 http fetch GET 200 https://registry.npmjs.org/@babel/helper-globals/-/helper-globals-7.29.7.tgz 7726ms (cache miss)
328 http fetch GET 200 https://registry.npmjs.org/@jridgewell/gen-mapping/-/gen-mapping-0.3.13.tgz 7810ms (cache miss)
329 http fetch GET 200 https://registry.npmjs.org/caniuse-lite/-/caniuse-lite-1.0.30001815.tgz 7910ms (cache miss)
330 http fetch GET 200 https://registry.npmjs.org/@babel/compat-data/-/compat-data-7.29.7.tgz 7937ms (cache miss)
331 http fetch GET 200 https://registry.npmjs.org/@babel/generator/-/generator-7.29.8.tgz 7993ms (cache miss)
332 http fetch GET 200 https://registry.npmjs.org/typescript/-/typescript-5.9.3.tgz 8108ms (cache miss)
333 http fetch GET 200 https://registry.npmjs.org/@babel/code-frame/-/code-frame-7.29.7.tgz 8060ms (cache miss)
334 http fetch GET 200 https://registry.npmjs.org/@rollup/rollup-win32-x64-gnu/-/rollup-win32-x64-gnu-4.64.1.tgz 8206ms (cache miss)
335 http fetch GET 200 https://registry.npmjs.org/@babel/core/-/core-7.29.7.tgz 8311ms (cache miss)
336 http fetch GET 200 https://registry.npmjs.org/@babel/helpers/-/helpers-7.29.10.tgz 8367ms (cache miss)
337 http fetch GET 200 https://registry.npmjs.org/@babel/helper-validator-identifier/-/helper-validator-identifier-7.29.7.tgz 8419ms (cache miss)
338 http fetch GET 200 https://registry.npmjs.org/@babel/helper-module-imports/-/helper-module-imports-7.29.7.tgz 8878ms (cache miss)
339 http fetch GET 200 https://registry.npmjs.org/@fontsource/dm-sans/-/dm-sans-5.3.0.tgz 9251ms (cache miss)
340 http fetch GET 200 https://registry.npmjs.org/@fontsource/manrope/-/manrope-5.3.0.tgz 9398ms (cache miss)
341 http fetch GET 200 https://registry.npmjs.org/lucide-react/-/lucide-react-0.468.0.tgz 12071ms (cache miss)
342 http fetch GET 200 https://registry.npmjs.org/playwright-core/-/playwright-core-1.63.0.tgz 13008ms (cache miss)
343 http fetch GET 200 https://registry.npmjs.org/@esbuild/win32-x64/-/win32-x64-0.25.12.tgz 18416ms (cache miss)
344 info run esbuild@0.25.12 postinstall node_modules/esbuild node install.js
345 info run esbuild@0.25.12 postinstall { code: 0, signal: null }
346 silly ADD node_modules/zod
347 silly ADD node_modules/yallist
348 silly ADD node_modules/worker-f
349 silly ADD node_modules/why-is-node-running
350 silly ADD node_modules/vitest
351 silly ADD node_modules/vite
352 silly ADD node_modules/update-browserslist-db
353 silly ADD node_modules/unzipper-esm
354 silly ADD node_modules/undici-types
355 silly ADD node_modules/typescript
356 silly ADD node_modules/tinyglobby
357 silly ADD node_modules/tinyexec
358 silly ADD node_modules/tinybench
359 silly ADD node_modules/std-env
360 silly ADD node_modules/source-map-js
361 silly ADD node_modules/set-cookie-parser
362 silly ADD node_modules/semver
363 silly ADD node_modules/scheduler
364 silly ADD node_modules/saxen
365 silly ADD node_modules/rollup
366 silly ADD node_modules/read-excel-file
367 silly ADD node_modules/react-router-dom
368 silly ADD node_modules/react-router
369 silly ADD node_modules/react-refresh
370 silly ADD node_modules/react-dom
371 silly ADD node_modules/react
372 silly ADD node_modules/prettier
373 silly ADD node_modules/postcss
374 silly ADD node_modules/playwright-core
375 silly ADD node_modules/playwright
376 silly ADD node_modules/picomatch
377 silly ADD node_modules/picocolors
378 silly ADD node_modules/papaparse
379 silly ADD node_modules/obug
380 silly ADD node_modules/node-releases
381 silly ADD node_modules/node-int64
382 silly ADD node_modules/nanoid
383 silly ADD node_modules/ms
384 silly ADD node_modules/magic-string
385 silly ADD node_modules/lucide-react
386 silly ADD node_modules/lru-cache
387 silly ADD node_modules/json5
388 silly ADD node_modules/jsesc
389 silly ADD node_modules/js-tokens
390 silly ADD node_modules/graceful-fs
391 silly ADD node_modules/gensync
392 silly ADD node_modules/fflate
393 silly ADD node_modules/fdir
394 silly ADD node_modules/expect-type
395 silly ADD node_modules/estree-walker
396 silly ADD node_modules/escalade
397 silly ADD node_modules/esbuild
398 silly ADD node_modules/es-module-lexer
399 silly ADD node_modules/electron-to-chromium
400 silly ADD node_modules/debug
401 silly ADD node_modules/csstype
402 silly ADD node_modules/cookie
403 silly ADD node_modules/convert-source-map
404 silly ADD node_modules/chai
405 silly ADD node_modules/caniuse-lite
406 silly ADD node_modules/browserslist
407 silly ADD node_modules/baseline-browser-mapping
408 silly ADD node_modules/assertion-error
409 silly ADD node_modules/@vitest/spy
410 silly ADD node_modules/@vitest/mocker
411 silly ADD node_modules/@vitejs/plugin-react
412 silly ADD node_modules/@types/react-dom
413 silly ADD node_modules/@types/react
414 silly ADD node_modules/@types/papaparse
415 silly ADD node_modules/@types/node
416 silly ADD node_modules/@types/estree
417 silly ADD node_modules/@types/deep-eql
418 silly ADD node_modules/@types/chai
419 silly ADD node_modules/@types/babel__traverse
420 silly ADD node_modules/@types/babel__template
421 silly ADD node_modules/@types/babel__generator
422 silly ADD node_modules/@types/babel__core
423 silly ADD node_modules/@rollup/rollup-win32-x64-msvc
424 silly ADD node_modules/@rollup/rollup-win32-x64-gnu
425 silly ADD node_modules/@rolldown/pluginutils
426 silly ADD node_modules/@playwright/test
427 silly ADD node_modules/@jridgewell/trace-mapping
428 silly ADD node_modules/@jridgewell/sourcemap-codec
429 silly ADD node_modules/@jridgewell/resolve-uri
430 silly ADD node_modules/@jridgewell/remapping
431 silly ADD node_modules/@jridgewell/gen-mapping
432 silly ADD node_modules/@fontsource/manrope
433 silly ADD node_modules/@fontsource/dm-sans
434 silly ADD node_modules/@esbuild/win32-x64
435 silly ADD node_modules/@babel/types
436 silly ADD node_modules/@babel/traverse
437 silly ADD node_modules/@babel/template
438 silly ADD node_modules/@babel/plugin-transform-react-jsx-source
439 silly ADD node_modules/@babel/plugin-transform-react-jsx-self
440 silly ADD node_modules/@babel/parser
441 silly ADD node_modules/@babel/helpers
442 silly ADD node_modules/@babel/helper-validator-option
443 silly ADD node_modules/@babel/helper-validator-identifier
444 silly ADD node_modules/@babel/helper-string-parser
445 silly ADD node_modules/@babel/helper-plugin-utils
446 silly ADD node_modules/@babel/helper-module-transforms
447 silly ADD node_modules/@babel/helper-module-imports
448 silly ADD node_modules/@babel/helper-globals
449 silly ADD node_modules/@babel/helper-compilation-targets
450 silly ADD node_modules/@babel/generator
451 silly ADD node_modules/@babel/core
452 silly ADD node_modules/@babel/compat-data
453 silly ADD node_modules/@babel/code-frame
454 warn allow-scripts 1 package has install scripts not yet covered by allowScripts:
454 warn allow-scripts   esbuild@0.25.12 (postinstall: node install.js)
454 warn allow-scripts
454 warn allow-scripts Run `npm approve-scripts --allow-scripts-pending` to review, or `npm approve-scripts <pkg>` to allow.
455 verbose cwd C:\Users\DONEX\Documents\GitHub\AOSLMS
456 verbose os Windows_NT 10.0.26300
457 verbose node v24.19.0
458 verbose npm  v11.17.0
459 notice
459 notice New major version of npm available! 11.17.0 -> 12.2.0
459 notice Changelog: https://github.com/npm/cli/releases/tag/v12.2.0
459 notice To update run: npm install -g npm@12.2.0
459 notice  { force: true, Symbol(proc-log.meta): true }
460 verbose exit 0
461 info ok
